[visura-media.10web.cloud/index.html]
[backblue.gif]
[fade.gif]
[index.html]
[visura-media.10web.cloud/wp-content/cache/tw_optimize/css/two_front_page_aggregated_5031697833a1b266bf9fe4d7a52cf38e_delay.minf91f.css]
[visura-media.10web.cloud/wp-json/wp/v2/pages/125.json]
[visura-media.10web.cloud/wp-json/oembed/1.0/embed034a.json]
[visura-media.10web.cloud/wp-json/index.html]
[visura-media.10web.cloud/wp-json/oembed/1.0/embedf5ff]
[visura-media.10web.cloud/wp-content/uploads/elementor/google-fonts/fonts/montserrat-49e242af.woff2]
[visura-media.10web.cloud/wp-content/uploads/elementor/google-fonts/fonts/inter-6ab57b19.woff2]
[visura-media.10web.cloud/wp-content/uploads/elementor/google-fonts/fonts/mooli-5fd8f5ef.woff2]
[visura-media.10web.cloud/feed/index.html]
[visura-media.10web.cloud/GET]
[visura-media.10web.cloud/wp-content/uploads/2025/09/logo_XQ80Qka4.svg]
[visura-media.10web.cloud/wp-content/uploads/2025/09/tenweb_media_sr9kpfne3.webp]
[visura-media.10web.cloud/wp-content/uploads/2025/09/tenweb_media_suz6ghekt.webp]
[visura-media.10web.cloud/wp-content/plugins/tenweb-speed-optimizer/includes/external/js/vanilla-lazyload/lazyload.min.js]
[visura-media.10web.cloud/index.html]
[visura-media.10web.cloud/wp-content/plugins/tenweb-speed-optimizer/includes/external/js/vanilla-lazyload/two_bg_vanilla.js]
[visura-media.10web.cloud/wp-content/plugins/tenweb-builder/assets/common/fonts/twbb-icons6671.ttf]
[visura-media.10web.cloud/dienstleistungen/index.html]
[visura-media.10web.cloud/wp-content/uploads/elementor/google-fonts/fonts/montserrat-c6284e6c.woff2]
[visura-media.10web.cloud/wp-content/plugins/elementor/assets/lib/font-awesome/webfonts/fa-brands-400.eot]
[visura-media.10web.cloud/wp-content/uploads/elementor/google-fonts/fonts/mooli-b7d490fb.woff2]
[visura-media.10web.cloud/wp-content/cache/tw_optimize/css/two_front_page_aggregated_5031697833a1b266bf9fe4d7a52cf38e_delay.minf91f.css]
[visura-media.10web.cloud/comments/feed/index.html]
[visura-media.10web.cloud/xmlrpc0db0.html]
[visura-media.10web.cloud/GET.html]
[visura-media.10web.cloud/wp-content/uploads/2025/09/logo_XQ80Qka4.svg]
[visura-media.10web.cloud/wp-content/cache/tw_optimize/css/two_126_aggregated_5031697833a1b266bf9fe4d7a52cf38e_delay.min62b6.css]
[visura-media.10web.cloud/wp-content/cache/tw_optimize/css/two_126_aggregated.min62b6.css]
[visura-media.10web.cloud/wp-json/wp/v2/pages/126.json]
[visura-media.10web.cloud/datenschutzrichtlinie/index.html]
[visura-media.10web.cloud/wp-json/oembed/1.0/embedf408.json]
[visura-media.10web.cloud/wp-json/oembed/1.0/embed7eb8]
[visura-media.10web.cloud/wp-content/uploads/2025/09/logo_Qao82RmA.svg]
[visura-media.10web.cloud/wp-content/uploads/2025/09/tenweb_media_sdtoy4jig.webp]
[visura-media.10web.cloud/wp-content/uploads/2025/09/tenweb_media_sfe0o6oju.webp]
[visura-media.10web.cloud/wp-content/uploads/2025/09/tenweb_media_s2hh2ob0z.webp]
[visura-media.10web.cloud/wp-content/uploads/2025/09/tenweb_media_soxjpnvld.webp]
[visura-media.10web.cloud/dienstleistungen/index.html]
[visura-media.10web.cloud/kontakt/index.html]
[visura-media.10web.cloud/allgemeine-geschaftsbedingungen/index.html]
[visura-media.10web.cloud/wp-content/cache/tw_optimize/css/two_131_aggregated_5031697833a1b266bf9fe4d7a52cf38e_delay.min0ca8.css]
[visura-media.10web.cloud/wp-content/cache/tw_optimize/css/two_131_aggregated.min0ca8.css]
[visura-media.10web.cloud/wp-json/wp/v2/pages/131.json]
[visura-media.10web.cloud/wp-json/oembed/1.0/embedd556.json]
[visura-media.10web.cloud/wp-json/oembed/1.0/embed8859]
[visura-media.10web.cloud/datenschutzrichtlinie/index.html]
[visura-media.10web.cloud/wp-content/cache/tw_optimize/css/two_126_aggregated_5031697833a1b266bf9fe4d7a52cf38e_delay.min62b6.css]
[visura-media.10web.cloud/wp-content/cache/tw_optimize/css/two_126_aggregated.min62b6.css]
[visura-media.10web.cloud/index4ab3.html]
[visura-media.10web.cloud/dienstleistungen/GET.html]
[visura-media.10web.cloud/wp-content/uploads/2025/09/logo_Qao82RmA.svg]
[visura-media.10web.cloud/wp-content/cache/tw_optimize/css/two_131_aggregated_5031697833a1b266bf9fe4d7a52cf38e_delay.min0ca8.css]
[visura-media.10web.cloud/wp-content/cache/tw_optimize/css/two_131_aggregated.min0ca8.css]
[visura-media.10web.cloud/indexd52d.html]
[visura-media.10web.cloud/datenschutzrichtlinie/GET.html]
